{
  "Content": {
    "subscribers": 999531,
    "videos": [
      {
        "name": "How to",
        "likes": 1
      },
      {
        "name": "Integer Unboxing",
        "likes": 312
      }
    ]
  }
}